// Jest Snapshot v1, https://goo.gl/fbAQLP

exports[`Footer matches snapshot 1`] = `
<DocumentFragment>
  <footer
    class="makeStyles-footer-1"
  >
    <p
      class="MuiTypography-root MuiTypography-body1 MuiTypography-colorTextSecondary MuiTypography-alignCenter"
    >
      My Favorite Gear
    </p>
    <p
      class="MuiTypography-root MuiTypography-body2 MuiTypography-colorTextSecondary MuiTypography-alignCenter"
    >
      ©2020  
      <a
        class="MuiTypography-root MuiLink-root MuiLink-underlineHover MuiTypography-colorInherit"
        href="https://twitter.com/pandashark6"
      >
        @pandashark6
      </a>
    </p>
  </footer>
</DocumentFragment>
`;
